\BOOKMARK [1][-]{section.1}{\376\377\000I\000n\000t\000r\000o\000d\000u\000c\000t\000i\000o\000n}{}% 1
\BOOKMARK [2][-]{subsection.1.1}{\376\377\000T\000h\000e\000\040\000p\000r\000o\000b\000l\000e\000m}{section.1}% 2
\BOOKMARK [2][-]{subsection.1.2}{\376\377\000T\000h\000e\000\040\000f\000a\000i\000l\000u\000r\000e\000\040\000m\000o\000d\000e\000\040\000t\000h\000a\000t\000\040\000m\000o\000t\000i\000v\000a\000t\000e\000s\000\040\000t\000h\000e\000\040\000s\000t\000u\000d\000y}{section.1}% 3
\BOOKMARK [2][-]{subsection.1.3}{\376\377\000T\000w\000o\000\040\000c\000l\000a\000i\000m\000s\000,\000\040\000o\000f\000t\000e\000n\000\040\000c\000o\000n\000f\000l\000a\000t\000e\000d}{section.1}% 4
\BOOKMARK [2][-]{subsection.1.4}{\376\377\000W\000h\000a\000t\000\040\000w\000a\000s\000\040\000d\000o\000n\000e}{section.1}% 5
\BOOKMARK [2][-]{subsection.1.5}{\376\377\000W\000h\000a\000t\000\040\000w\000a\000s\000\040\000f\000o\000u\000n\000d}{section.1}% 6
\BOOKMARK [2][-]{subsection.1.6}{\376\377\000W\000h\000y\000\040\000a\000\040\000n\000e\000g\000a\000t\000i\000v\000e\000\040\000r\000e\000s\000u\000l\000t\000\040\000h\000e\000r\000e\000\040\000i\000s\000\040\000i\000n\000f\000o\000r\000m\000a\000t\000i\000v\000e}{section.1}% 7
\BOOKMARK [2][-]{subsection.1.7}{\376\377\000C\000o\000n\000t\000r\000i\000b\000u\000t\000i\000o\000n\000s}{section.1}% 8
\BOOKMARK [1][-]{section.2}{\376\377\000R\000e\000l\000a\000t\000e\000d\000\040\000w\000o\000r\000k}{}% 9
\BOOKMARK [2][-]{subsection.2.1}{\376\377\000D\000i\000f\000f\000e\000r\000e\000n\000t\000i\000a\000l\000\040\000t\000e\000s\000t\000i\000n\000g\000\040\000a\000n\000d\000\040\000t\000h\000e\000\040\000i\000n\000d\000e\000p\000e\000n\000d\000e\000n\000c\000e\000\040\000a\000s\000s\000u\000m\000p\000t\000i\000o\000n}{section.2}% 10
\BOOKMARK [2][-]{subsection.2.2}{\376\377\000T\000h\000e\000\040\000o\000r\000a\000c\000l\000e\000\040\000p\000r\000o\000b\000l\000e\000m\000\040\000a\000n\000d\000\040\000s\000c\000i\000e\000n\000t\000i\000f\000i\000c\000\040\000s\000o\000f\000t\000w\000a\000r\000e}{section.2}% 11
\BOOKMARK [2][-]{subsection.2.3}{\376\377\000C\000o\000d\000e\000\040\000v\000e\000r\000i\000f\000i\000c\000a\000t\000i\000o\000n\000\040\000a\000n\000d\000\040\000t\000h\000e\000\040\000V\000\046\000V\000\040\000l\000i\000t\000e\000r\000a\000t\000u\000r\000e}{section.2}% 12
\BOOKMARK [2][-]{subsection.2.4}{\376\377\000V\000e\000r\000i\000f\000i\000c\000a\000t\000i\000o\000n\000\040\000a\000n\000d\000\040\000v\000a\000l\000i\000d\000a\000t\000i\000o\000n\000\040\000o\000f\000\040\000m\000u\000l\000t\000i\000b\000o\000d\000y\000\040\000c\000o\000d\000e\000s}{section.2}% 13
\BOOKMARK [2][-]{subsection.2.5}{\376\377\000C\000o\000m\000p\000a\000r\000i\000s\000o\000n\000s\000\040\000o\000f\000\040\000d\000y\000n\000a\000m\000i\000c\000s\000\040\000e\000n\000g\000i\000n\000e\000s}{section.2}% 14
\BOOKMARK [2][-]{subsection.2.6}{\376\377\000T\000h\000e\000\040\000g\000a\000p}{section.2}% 15
\BOOKMARK [1][-]{section.3}{\376\377\000M\000e\000t\000h\000o\000d}{}% 16
\BOOKMARK [2][-]{subsection.3.1}{\376\377\000T\000h\000e\000\040\000e\000n\000g\000i\000n\000e\000s\000\040\000u\000n\000d\000e\000r\000\040\000t\000e\000s\000t}{section.3}% 17
\BOOKMARK [2][-]{subsection.3.2}{\376\377\000T\000h\000e\000\040\000r\000e\000f\000e\000r\000e\000e}{section.3}% 18
\BOOKMARK [2][-]{subsection.3.3}{\376\377\000T\000h\000e\000\040\000c\000a\000s\000e\000\040\000m\000a\000t\000r\000i\000x\000\040\000a\000n\000d\000\040\000t\000h\000e\000\040\000f\000r\000e\000e\000z\000e}{section.3}% 19
\BOOKMARK [2][-]{subsection.3.4}{\376\377\000I\000n\000t\000e\000g\000r\000a\000t\000o\000r\000\040\000p\000i\000n\000n\000i\000n\000g}{section.3}% 20
\BOOKMARK [2][-]{subsection.3.5}{\376\377\000A\000d\000j\000u\000d\000i\000c\000a\000t\000i\000o\000n\000\040\000c\000r\000i\000t\000e\000r\000i\000a}{section.3}% 21
\BOOKMARK [2][-]{subsection.3.6}{\376\377\000T\000h\000r\000e\000a\000t\000s\000\040\000t\000o\000\040\000v\000a\000l\000i\000d\000i\000t\000y}{section.3}% 22
\BOOKMARK [2][-]{subsection.3.7}{\376\377\000D\000i\000s\000c\000l\000o\000s\000u\000r\000e}{section.3}% 23
\BOOKMARK [1][-]{section.4}{\376\377\000S\000y\000s\000t\000e\000m\000s}{}% 24
\BOOKMARK [2][-]{subsection.4.1}{\376\377\000T\000h\000e\000\040\000p\000l\000a\000n\000a\000r\000\040\000N\000-\000l\000i\000n\000k\000\040\000c\000h\000a\000i\000n}{section.4}% 25
\BOOKMARK [2][-]{subsection.4.2}{\376\377\000T\000h\000e\000\040\000s\000l\000i\000d\000e\000r\040\023\000c\000r\000a\000n\000k}{section.4}% 26
\BOOKMARK [2][-]{subsection.4.3}{\376\377\000T\000h\000e\000\040\000c\000a\000r\000t\040\023\000p\000o\000l\000e}{section.4}% 27
\BOOKMARK [1][-]{section.5}{\376\377\000R\000e\000s\000u\000l\000t\000s\000:\000\040\000a\000g\000r\000e\000e\000m\000e\000n\000t}{}% 28
\BOOKMARK [2][-]{subsection.5.1}{\376\377\000E\000q\000u\000a\000t\000i\000o\000n\000s\000\040\000o\000f\000\040\000m\000o\000t\000i\000o\000n}{section.5}% 29
\BOOKMARK [2][-]{subsection.5.2}{\376\377\000T\000h\000e\000\040\000a\000m\000p\000l\000i\000t\000u\000d\000e\000\040\000a\000x\000i\000s}{section.5}% 30
\BOOKMARK [2][-]{subsection.5.3}{\376\377\000T\000h\000e\000\040\000c\000h\000a\000o\000t\000i\000c\000\040\000r\000e\000g\000i\000m\000e}{section.5}% 31
\BOOKMARK [2][-]{subsection.5.4}{\376\377\000T\000h\000e\000\040\000c\000o\000n\000s\000t\000r\000a\000i\000n\000e\000d\000\040\000p\000a\000t\000h\000w\000a\000y}{section.5}% 32
\BOOKMARK [2][-]{subsection.5.5}{\376\377\000T\000h\000e\000\040\000s\000l\000i\000d\000e\000r\040\023\000c\000r\000a\000n\000k\000\040\000a\000n\000d\000\040\000t\000h\000e\000\040\000c\000a\000r\000t\040\023\000p\000o\000l\000e}{section.5}% 33
\BOOKMARK [2][-]{subsection.5.6}{\376\377\000S\000u\000m\000m\000a\000r\000y}{section.5}% 34
\BOOKMARK [1][-]{section.6}{\376\377\000R\000e\000s\000u\000l\000t\000s\000:\000\040\000d\000i\000v\000e\000r\000g\000e\000n\000c\000e\000\040\000i\000n\000\040\000r\000e\000a\000c\000h}{}% 35
\BOOKMARK [2][-]{subsection.6.1}{\376\377\000T\000h\000e\000\040\000s\000a\000m\000e\000\040\000s\000y\000s\000t\000e\000m\000s\000,\000\040\000t\000h\000e\000\040\000s\000a\000m\000e\000\040\000b\000u\000d\000g\000e\000t}{section.6}% 36
\BOOKMARK [1][-]{section.7}{\376\377\000A\000\040\000f\000a\000i\000l\000u\000r\000e\000\040\000s\000h\000a\000r\000e\000d\000\040\000b\000y\000\040\000e\000v\000e\000r\000y\000\040\000i\000m\000p\000l\000e\000m\000e\000n\000t\000a\000t\000i\000o\000n\000,\000\040\000i\000n\000c\000l\000u\000d\000i\000n\000g\000\040\000t\000h\000e\000\040\000r\000e\000f\000e\000r\000e\000e}{}% 37
\BOOKMARK [2][-]{subsection.7.1}{\376\377\000T\000h\000e\000\040\000c\000o\000n\000f\000i\000g\000u\000r\000a\000t\000i\000o\000n}{section.7}% 38
\BOOKMARK [2][-]{subsection.7.2}{\376\377\000T\000h\000e\000\040\000o\000b\000s\000e\000r\000v\000a\000t\000i\000o\000n}{section.7}% 39
\BOOKMARK [2][-]{subsection.7.3}{\376\377\000T\000h\000e\000\040\000m\000e\000c\000h\000a\000n\000i\000s\000m}{section.7}% 40
\BOOKMARK [2][-]{subsection.7.4}{\376\377\000W\000h\000y\000\040\000t\000h\000e\000\040\000c\000a\000s\000e\000\040\000i\000s\000\040\000r\000e\000t\000a\000i\000n\000e\000d}{section.7}% 41
\BOOKMARK [2][-]{subsection.7.5}{\376\377\000W\000h\000a\000t\000\040\000f\000o\000l\000l\000o\000w\000s\000\040\000f\000o\000r\000\040\000d\000i\000f\000f\000e\000r\000e\000n\000t\000i\000a\000l\000\040\000t\000e\000s\000t\000i\000n\000g}{section.7}% 42
\BOOKMARK [1][-]{section.8}{\376\377\000W\000h\000a\000t\000\040\000t\000h\000e\000s\000e\000\040\000m\000e\000a\000s\000u\000r\000e\000m\000e\000n\000t\000s\000\040\000d\000o\000\040\000a\000n\000d\000\040\000d\000o\000\040\000n\000o\000t\000\040\000s\000u\000p\000p\000o\000r\000t}{}% 43
\BOOKMARK [2][-]{subsection.8.1}{\376\377\000T\000h\000e\000\040\000i\000n\000t\000e\000g\000r\000a\000t\000o\000r\000\040\000w\000a\000s\000\040\000p\000i\000n\000n\000e\000d\000,\000\040\000w\000h\000i\000c\000h\000\040\000r\000e\000m\000o\000v\000e\000s\000\040\000t\000h\000e\000\040\000v\000a\000r\000i\000a\000b\000l\000e}{section.8}% 44
\BOOKMARK [2][-]{subsection.8.2}{\376\377\000T\000h\000e\000\040\000d\000i\000f\000f\000e\000r\000e\000n\000c\000e\000s\000\040\000a\000r\000e\000\040\000n\000o\000t\000\040\000d\000i\000f\000f\000e\000r\000e\000n\000c\000e\000s}{section.8}% 45
\BOOKMARK [2][-]{subsection.8.3}{\376\377\000D\000i\000v\000e\000r\000g\000e\000n\000c\000e\000\040\000t\000i\000m\000e\000\040\000c\000a\000n\000n\000o\000t\000\040\000r\000a\000n\000k\000\040\000t\000h\000e\000\040\000e\000n\000g\000i\000n\000e\000s}{section.8}% 46
\BOOKMARK [2][-]{subsection.8.4}{\376\377\000W\000h\000y\000\040\000o\000n\000e\000\040\000e\000n\000g\000i\000n\000e\000'\000s\000\040\000r\000e\000s\000i\000d\000u\000a\000l\000\040\000i\000s\000\040\000l\000a\000r\000g\000e\000r\000,\000\040\000a\000n\000d\000\040\000w\000h\000y\000\040\000t\000h\000a\000t\000\040\000i\000s\000\040\000n\000o\000t\000\040\000w\000o\000r\000s\000e}{section.8}% 47
\BOOKMARK [2][-]{subsection.8.5}{\376\377\000W\000h\000e\000r\000e\000\040\000t\000h\000e\000\040\000e\000n\000g\000i\000n\000e\000s\000\040\000g\000e\000n\000u\000i\000n\000e\000l\000y\000\040\000d\000i\000f\000f\000e\000r\000,\000\040\000t\000h\000e\000\040\000a\000u\000t\000h\000o\000r\000'\000s\000\040\000e\000n\000g\000i\000n\000e\000\040\000i\000s\000\040\000b\000e\000h\000i\000n\000d}{section.8}% 48
\BOOKMARK [2][-]{subsection.8.6}{\376\377\000W\000h\000a\000t\000\040\000c\000a\000n\000\040\000b\000e\000\040\000c\000l\000a\000i\000m\000e\000d}{section.8}% 49
\BOOKMARK [1][-]{section.9}{\376\377\000A\000\040\000d\000i\000a\000g\000n\000o\000s\000t\000i\000c\000\040\000f\000o\000r\000\040\000c\000o\000n\000v\000e\000n\000t\000i\000o\000n\000\040\000m\000i\000s\000m\000a\000t\000c\000h}{}% 50
\BOOKMARK [1][-]{section.10}{\376\377\000C\000o\000n\000c\000l\000u\000s\000i\000o\000n}{}% 51
\BOOKMARK [1][-]{section.10}{\376\377\000D\000i\000s\000c\000l\000o\000s\000u\000r\000e}{}% 52
\BOOKMARK [1][-]{paragraph*.21}{\376\377\000R\000e\000f\000e\000r\000e\000n\000c\000e\000s}{}% 53
